[index-2.html]
[backblue.gif]
[fade.gif]
[index.html]
[assets/images/logo/BYCPNG.png]
[assets/css/aos.css]
[assets/css/bootstrap.min.css]
[assets/css/all.min.css]
[assets/css/lightcase.css]
[assets/css/swiper-bundle.min.css]
[assets/css/style.css]
[assets/images/logo/logobig.png]
[index-3.html]
[assets/images/logo/logobox.png]
[assets/images/banner/bannerfull.png]
[assets/images/collection/1.png]
[assets/images/collection/2.png]
[assets/images/collection/3.png]
[assets/images/collection/4.png]
[assets/images/collection/5.png]
[assets/images/collection/6.png]
[assets/images/collection/7.png]
[assets/images/collection/8.png]
[assets/images/collection/9.png]
[assets/images/collection/10.png]
[assets/images/collection/11.png]
[assets/images/collection/12.png]
[sweetalert/dist/sweetalert.min.17.delayed]
[sweetalert@2.1.2/dist/sweetalert.min.js]
[assets/js/ethers.js]
[assets/js/jquery-3.6.0.min.js]
[assets/js/bootstrap.bundle.min.js]
[assets/js/swiper-bundle.min.js]
[assets/js/aos.js]
[assets/js/all.min.js]
[assets/js/lightcase.js]
[assets/js/countdown.min.js]
[assets/js/custom.js]
[assets/js/script.js]
[index-2.html]
[index-3.html]
[assets/images/banner/bannerfull.png]
[assets/css/bootstrap.min.css]
[assets/css/aos.css]
[assets/webfonts/fa-brands-400.woff2]
[assets/webfonts/fa-brands-400.ttf]
[assets/webfonts/fa-regular-400.woff2]
[sweetalert@2.1.2/dist/sweetalert.min.js]
[assets/webfonts/fa-regular-400.ttf]
[assets/webfonts/fa-brands-400.woff2]
[assets/webfonts/fa-regular-400.woff2]
[assets/webfonts/fa-solid-900.woff2]
[assets/webfonts/fa-v4compatibility.woff2]
[assets/webfonts/fa-solid-900.ttf]
[assets/webfonts/fa-v4compatibility.ttf]
[assets/css/all.min.css]
[assets/fonts/lightcaseeead.eot]
[assets/fonts/lightcaseeead.woff]
[assets/fonts/lightcaseeead.ttf]
[assets/fonts/lightcaseeead.svg]
[assets/css/lightcase.css]
[assets/css/swiper-bundle.min.css]
[assets/css/style.css]
[assets/images/banner/collab.png]
[index-3.html]
[assets/webfonts/fa-v4compatibility.html]
[assets/webfonts/fa-v4compatibility-2.html]
[assets/fonts/lightcaseeead.svg]
